Before MAIN_THREAD_EM_ASM_PROMISE_AWAIT
Inside MAIN_THREAD_EM_ASM_PROMISE_AWAIT: 42 3.5
Inside asyncOp
After MAIN_THREAD_EM_ASM_PROMISE_AWAIT
result: 2